[2026-08-12] 更新每日提示 → 2026年08月12日 周三
[2026-08-13] 更新每日提示 → 2026年08月13日 周四
[2026-08-14] 更新每日提示 → 2026年08月14日 周五
[2026-08-15] 更新每日提示 → 2026年08月15日 周六
[2026-08-16] 更新每日提示 → 2026年08月16日 周日
[2026-08-17] 更新每日提示 → 2026年08月17日 周一
[2026-08-18] 更新每日提示 → 2026年08月18日 周二
[2026-08-19] 更新每日提示 → 2026年08月19日 周三
[2026-08-20] 更新每日提示 → 2026年08月20日 周四
[2026-08-21] 更新每日提示 → 2026年08月21日 周五
[2026-08-22] 更新每日提示 → 2026年08月22日 周六
[2026-08-23] 更新每日提示 → 2026年08月23日 周日
[2026-08-24] 更新每日提示 → 2026年08月24日 周一
[2026-08-25] 更新每日提示 → 2026年08月25日 周二
[2026-08-26] 更新每日提示 → 2026年08月26日 周三
[2026-08-27] 更新每日提示 → 2026年08月27日 周四
[2026-08-28] 更新每日提示 → 2026年08月28日 周五
[2026-08-29] 更新每日提示 → 2026年08月29日 周六
[2026-08-30] 更新每日提示 → 2026年08月30日 周日
[2026-08-31] 更新每日提示 → 2026年08月31日 周一
[2026-09-01] 更新每日提示 → 2026年09月01日 周二
[2026-09-02] 更新每日提示 → 2026年09月02日 周三
[2026-09-03] 更新每日提示 → 2026年09月03日 周四
[2026-09-04] 更新每日提示 → 2026年09月04日 周五
[2026-09-05] 更新每日提示 → 2026年09月05日 周六
[2026-09-06] 更新每日提示 → 2026年09月06日 周日
[2026-09-07] 更新每日提示 → 2026年09月07日 周一
[2026-09-08] 更新每日提示 → 2026年09月08日 周二
[2026-09-09] 更新每日提示 → 2026年09月09日 周三
[2026-09-10] 更新每日提示 → 2026年09月10日 周四
[2026-09-11] 更新每日提示 → 2026年09月11日 周五
[2026-09-12] 更新每日提示 → 2026年09月12日 周六
[2026-09-13] 更新每日提示 → 2026年09月13日 周日
[2026-09-14] 更新每日提示 → 2026年09月14日 周一
[2026-09-15] 更新每日提示 → 2026年09月15日 周二
[2026-09-16] 更新每日提示 → 2026年09月16日 周三
[2026-09-17] 更新每日提示 → 2026年09月17日 周四
[2026-09-18] 更新每日提示 → 2026年09月18日 周五
[2026-09-19] 更新每日提示 → 2026年09月19日 周六
[2026-09-20] 更新每日提示 → 2026年09月20日 周日
[2026-09-21] 更新每日提示 → 2026年09月21日 周一
[2026-09-22] 更新每日提示 → 2026年09月22日 周二
[2026-09-23] 更新每日提示 → 2026年09月23日 周三
[2026-09-24] 更新每日提示 → 2026年09月24日 周四
[2026-09-25] 更新每日提示 → 2026年09月25日 周五
[2026-09-25] 更新每日提示 → 2026年09月25日 周五
[2026-09-25] 更新每日提示 → 2026年09月25日 周五
[2026-09-25] 更新每日提示 → 2026年09月25日 周五
[2026-09-25] 更新每日提示 → 2026年09月25日 周五
[2026-09-25] 更新每日提示 → 2026年09月25日 周五
